=== Folds walk-forward (TimeSeriesSplit, n_folds=3) ===
Throughput assumido : 4,209 steps/s  (ajuste para a máquina onde for treinar)
Passadas-alvo/dia   : 20.0 (igual para todos os folds)
Chunk (job Slurm)   : 1140s de treino real por job encadeado
Ticks médios/pregão : 27,662
Pregões disponíveis : 80  |  pregões usados: 80
  Fold 1: treino=[  1..  8] (  8 dias)  validação=[  9.. 20] ( 12 dias)  teste=[ 21.. 32] ( 12 dias)  total_timesteps=4,425,920 (~20.0 passadas/dia de treino, 1 chunk(s) de 1140s)
  Fold 2: treino=[  1.. 32] ( 32 dias)  validação=[ 33.. 44] ( 12 dias)  teste=[ 45.. 56] ( 12 dias)  total_timesteps=17,703,680 (~20.0 passadas/dia de treino, 4 chunk(s) de 1140s)
  Fold 3: treino=[  1.. 56] ( 56 dias)  validação=[ 57.. 68] ( 12 dias)  teste=[ 69.. 80] ( 12 dias)  total_timesteps=30,981,440 (~20.0 passadas/dia de treino, 7 chunk(s) de 1140s)

########## FOLD 3/3 ##########
Retomando treino a partir de 'ppo_arbitrage_fold3.zip'.
---------------------------------
| rollout/           |          |
|    ep_len_mean     | 2.96e+04 |
|    ep_rew_mean     | -1.6e+04 |
| time/              |          |
|    fps             | 15514    |
|    iterations      | 1        |
|    time_elapsed    | 25       |
|    total_timesteps | 6684720  |
---------------------------------
-----------------------------------------
| rollout/                |             |
|    ep_len_mean          | 2.96e+04    |
|    ep_rew_mean          | -1.6e+04    |
| time/                   |             |
|    fps                  | 10433       |
|    iterations           | 2           |
|    time_elapsed         | 75          |
|    total_timesteps      | 7077936     |
| train/                  |             |
|    approx_kl            | 0.003946331 |
|    clip_fraction        | 0.0267      |
|    clip_range           | 0.2         |
|    entropy_loss         | -0.126      |
|    explained_variance   | 0.544       |
|    learning_rate        | 0.0003      |
|    loss                 | 62.3        |
|    n_updates            | 170         |
|    policy_gradient_loss | -0.0036     |
|    value_loss           | 128         |
-----------------------------------------
------------------------------------------
| rollout/                |              |
|    ep_len_mean          | 2.82e+04     |
|    ep_rew_mean          | -1.21e+04    |
| time/                   |              |
|    fps                  | 9574         |
|    iterations           | 3            |
|    time_elapsed         | 123          |
|    total_timesteps      | 7471152      |
| train/                  |              |
|    approx_kl            | 0.0035560012 |
|    clip_fraction        | 0.0216       |
|    clip_range           | 0.2          |
|    entropy_loss         | -0.0963      |
|    explained_variance   | 0.529        |
|    learning_rate        | 0.0003       |
|    loss                 | 46.6         |
|    n_updates            | 180          |
|    policy_gradient_loss | -0.00325     |
|    value_loss           | 95.1         |
------------------------------------------
------------------------------------------
| rollout/                |              |
|    ep_len_mean          | 2.82e+04     |
|    ep_rew_mean          | -8.73e+03    |
| time/                   |              |
|    fps                  | 9204         |
|    iterations           | 4            |
|    time_elapsed         | 170          |
|    total_timesteps      | 7864368      |
| train/                  |              |
|    approx_kl            | 0.0040345127 |
|    clip_fraction        | 0.0232       |
|    clip_range           | 0.2          |
|    entropy_loss         | -0.0918      |
|    explained_variance   | 0.573        |
|    learning_rate        | 0.0003       |
|    loss                 | 53           |
|    n_updates            | 190          |
|    policy_gradient_loss | -0.00335     |
|    value_loss           | 118          |
------------------------------------------
Eval num_timesteps=8012688, episode_reward=399.17 +/- 556.85
Episode length: 31220.50 +/- 5006.34
------------------------------------------
| eval/                   |              |
|    mean_ep_length       | 3.12e+04     |
|    mean_reward          | 399          |
| time/                   |              |
|    total_timesteps      | 8012688      |
| train/                  |              |
|    approx_kl            | 0.0044921604 |
|    clip_fraction        | 0.0237       |
|    clip_range           | 0.2          |
|    entropy_loss         | -0.0853      |
|    explained_variance   | 0.485        |
|    learning_rate        | 0.0003       |
|    loss                 | 78.5         |
|    n_updates            | 200          |
|    policy_gradient_loss | -0.00319     |
|    value_loss           | 135          |
------------------------------------------
New best mean reward!
----------------------------------
| rollout/           |           |
|    ep_len_mean     | 2.89e+04  |
|    ep_rew_mean     | -6.28e+03 |
| time/              |           |
|    fps             | 5550      |
|    iterations      | 5         |
|    time_elapsed    | 354       |
|    total_timesteps | 8257584   |
----------------------------------
-----------------------------------------
| rollout/                |             |
|    ep_len_mean          | 2.86e+04    |
|    ep_rew_mean          | -4.69e+03   |
| time/                   |             |
|    fps                  | 5874        |
|    iterations           | 6           |
|    time_elapsed         | 401         |
|    total_timesteps      | 8650800     |
| train/                  |             |
|    approx_kl            | 0.003893232 |
|    clip_fraction        | 0.0193      |
|    clip_range           | 0.2         |
|    entropy_loss         | -0.0708     |
|    explained_variance   | 0.488       |
|    learning_rate        | 0.0003      |
|    loss                 | 66.1        |
|    n_updates            | 210         |
|    policy_gradient_loss | -0.00295    |
|    value_loss           | 120         |
-----------------------------------------
------------------------------------------
| rollout/                |              |
|    ep_len_mean          | 2.8e+04      |
|    ep_rew_mean          | -3.16e+03    |
| time/                   |              |
|    fps                  | 6131         |
|    iterations           | 7            |
|    time_elapsed         | 448          |
|    total_timesteps      | 9044016      |
| train/                  |              |
|    approx_kl            | 0.0037188407 |
|    clip_fraction        | 0.0176       |
|    clip_range           | 0.2          |
|    entropy_loss         | -0.059       |
|    explained_variance   | 0.46         |
|    learning_rate        | 0.0003       |
|    loss                 | 52.9         |
|    n_updates            | 220          |
|    policy_gradient_loss | -0.00249     |
|    value_loss           | 101          |
------------------------------------------
------------------------------------------
| rollout/                |              |
|    ep_len_mean          | 2.82e+04     |
|    ep_rew_mean          | -2.42e+03    |
| time/                   |              |
|    fps                  | 6342         |
|    iterations           | 8            |
|    time_elapsed         | 496          |
|    total_timesteps      | 9437232      |
| train/                  |              |
|    approx_kl            | 0.0041337893 |
|    clip_fraction        | 0.0189       |
|    clip_range           | 0.2          |
|    entropy_loss         | -0.0597      |
|    explained_variance   | 0.458        |
|    learning_rate        | 0.0003       |
|    loss                 | 49.3         |
|    n_updates            | 230          |
|    policy_gradient_loss | -0.00262     |
|    value_loss           | 118          |
------------------------------------------
Eval num_timesteps=9733872, episode_reward=436.25 +/- 723.03
Episode length: 23560.42 +/- 5514.44
------------------------------------------
| eval/                   |              |
|    mean_ep_length       | 2.36e+04     |
|    mean_reward          | 436          |
| time/                   |              |
|    total_timesteps      | 9733872      |
| train/                  |              |
|    approx_kl            | 0.0040205657 |
|    clip_fraction        | 0.0187       |
|    clip_range           | 0.2          |
|    entropy_loss         | -0.058       |
|    explained_variance   | 0.394        |
|    learning_rate        | 0.0003       |
|    loss                 | 49.3         |
|    n_updates            | 240          |
|    policy_gradient_loss | -0.00251     |
|    value_loss           | 112          |
------------------------------------------
New best mean reward!
----------------------------------
| rollout/           |           |
|    ep_len_mean     | 2.87e+04  |
|    ep_rew_mean     | -1.63e+03 |
| time/              |           |
|    fps             | 5394      |
|    iterations      | 9         |
|    time_elapsed    | 656       |
|    total_timesteps | 9830448   |
----------------------------------
-----------------------------------------
| rollout/                |             |
|    ep_len_mean          | 2.94e+04    |
|    ep_rew_mean          | -1.49e+03   |
| time/                   |             |
|    fps                  | 5610        |
|    iterations           | 10          |
|    time_elapsed         | 700         |
|    total_timesteps      | 10223664    |
| train/                  |             |
|    approx_kl            | 0.004275073 |
|    clip_fraction        | 0.0191      |
|    clip_range           | 0.2         |
|    entropy_loss         | -0.0555     |
|    explained_variance   | 0.363       |
|    learning_rate        | 0.0003      |
|    loss                 | 71.1        |
|    n_updates            | 250         |
|    policy_gradient_loss | -0.00266    |
|    value_loss           | 120         |
-----------------------------------------
-----------------------------------------
| rollout/                |             |
|    ep_len_mean          | 2.94e+04    |
|    ep_rew_mean          | -1.37e+03   |
| time/                   |             |
|    fps                  | 5800        |
|    iterations           | 11          |
|    time_elapsed         | 745         |
|    total_timesteps      | 10616880    |
| train/                  |             |
|    approx_kl            | 0.004395791 |
|    clip_fraction        | 0.0189      |
|    clip_range           | 0.2         |
|    entropy_loss         | -0.0487     |
|    explained_variance   | 0.342       |
|    learning_rate        | 0.0003      |
|    loss                 | 44.5        |
|    n_updates            | 260         |
|    policy_gradient_loss | -0.00234    |
|    value_loss           | 103         |
-----------------------------------------
------------------------------------------
| rollout/                |              |
|    ep_len_mean          | 2.94e+04     |
|    ep_rew_mean          | -1.2e+03     |
| time/                   |              |
|    fps                  | 5968         |
|    iterations           | 12           |
|    time_elapsed         | 790          |
|    total_timesteps      | 11010096     |
| train/                  |              |
|    approx_kl            | 0.0050769774 |
|    clip_fraction        | 0.0232       |
|    clip_range           | 0.2          |
|    entropy_loss         | -0.0487      |
|    explained_variance   | 0.382        |
|    learning_rate        | 0.0003       |
|    loss                 | 39.7         |
|    n_updates            | 270          |
|    policy_gradient_loss | -0.00109     |
|    value_loss           | 100          |
------------------------------------------
--------------------------------------
| rollout/                |          |
|    ep_len_mean          | 2.93e+04 |
|    ep_rew_mean          | -934     |
| time/                   |          |
|    fps                  | 6117     |
|    iterations           | 13       |
|    time_elapsed         | 835      |
|    total_timesteps      | 11403312 |
| train/                  |          |
|    approx_kl            | 0.004406 |
|    clip_fraction        | 0.0191   |
|    clip_range           | 0.2      |
|    entropy_loss         | -0.0483  |
|    explained_variance   | 0.341    |
|    learning_rate        | 0.0003   |
|    loss                 | 64.6     |
|    n_updates            | 280      |
|    policy_gradient_loss | -0.00243 |
|    value_loss           | 104      |
--------------------------------------
Eval num_timesteps=11455056, episode_reward=-151.88 +/- 762.09
Episode length: 31594.08 +/- 4355.52
-----------------------------------------
| eval/                   |             |
|    mean_ep_length       | 3.16e+04    |
|    mean_reward          | -152        |
| time/                   |             |
|    total_timesteps      | 11455056    |
| train/                  |             |
|    approx_kl            | 0.004921038 |
|    clip_fraction        | 0.0187      |
|    clip_range           | 0.2         |
|    entropy_loss         | -0.0441     |
|    explained_variance   | 0.276       |
|    learning_rate        | 0.0003      |
|    loss                 | 40.6        |
|    n_updates            | 290         |
|    policy_gradient_loss | -0.00231    |
|    value_loss           | 105         |
-----------------------------------------
[TimeLimitCallback] deadline atingido (23s além do limite) -- parando treino com margem de segurança.

=== Fold 3 -- chunk intermediário, avaliação fica pro chunk final (FINAL_CHUNK=1) ===
