=== Folds walk-forward (TimeSeriesSplit, n_folds=3) ===
Throughput assumido : 4,209 steps/s  (ajuste para a máquina onde for treinar)
Passadas-alvo/dia   : 20.0 (igual para todos os folds)
Chunk (job Slurm)   : 1140s de treino real por job encadeado
Ticks médios/pregão : 27,662
Pregões disponíveis : 80  |  pregões usados: 80
  Fold 1: treino=[  1..  8] (  8 dias)  validação=[  9.. 20] ( 12 dias)  teste=[ 21.. 32] ( 12 dias)  total_timesteps=4,425,920 (~20.0 passadas/dia de treino, 1 chunk(s) de 1140s)
  Fold 2: treino=[  1.. 32] ( 32 dias)  validação=[ 33.. 44] ( 12 dias)  teste=[ 45.. 56] ( 12 dias)  total_timesteps=17,703,680 (~20.0 passadas/dia de treino, 4 chunk(s) de 1140s)
  Fold 3: treino=[  1.. 56] ( 56 dias)  validação=[ 57.. 68] ( 12 dias)  teste=[ 69.. 80] ( 12 dias)  total_timesteps=30,981,440 (~20.0 passadas/dia de treino, 7 chunk(s) de 1140s)

########## FOLD 2/3 ##########
Using cpu device
-------------------------------
| time/              |        |
|    fps             | 16723  |
|    iterations      | 1      |
|    time_elapsed    | 23     |
|    total_timesteps | 393216 |
-------------------------------
-----------------------------------------
| rollout/                |             |
|    ep_len_mean          | 1.46e+04    |
|    ep_rew_mean          | -5.14e+04   |
| time/                   |             |
|    fps                  | 10983       |
|    iterations           | 2           |
|    time_elapsed         | 71          |
|    total_timesteps      | 786432      |
| train/                  |             |
|    approx_kl            | 0.014031959 |
|    clip_fraction        | 0.122       |
|    clip_range           | 0.2         |
|    entropy_loss         | -1.09       |
|    explained_variance   | -0.00156    |
|    learning_rate        | 0.0003      |
|    loss                 | 143         |
|    n_updates            | 10          |
|    policy_gradient_loss | -0.0138     |
|    value_loss           | 1.25e+03    |
-----------------------------------------
Eval num_timesteps=983520, episode_reward=-22.71 +/- 38.53
Episode length: 32422.00 +/- 4269.17
-----------------------------------------
| eval/                   |             |
|    mean_ep_length       | 3.24e+04    |
|    mean_reward          | -22.7       |
| time/                   |             |
|    total_timesteps      | 983520      |
| train/                  |             |
|    approx_kl            | 0.012898746 |
|    clip_fraction        | 0.171       |
|    clip_range           | 0.2         |
|    entropy_loss         | -1.06       |
|    explained_variance   | 0.0417      |
|    learning_rate        | 0.0003      |
|    loss                 | 118         |
|    n_updates            | 20          |
|    policy_gradient_loss | -0.0198     |
|    value_loss           | 850         |
-----------------------------------------
New best mean reward!
----------------------------------
| rollout/           |           |
|    ep_len_mean     | 1.93e+04  |
|    ep_rew_mean     | -6.03e+04 |
| time/              |           |
|    fps             | 4202      |
|    iterations      | 3         |
|    time_elapsed    | 280       |
|    total_timesteps | 1179648   |
----------------------------------
-----------------------------------------
| rollout/                |             |
|    ep_len_mean          | 2.21e+04    |
|    ep_rew_mean          | -6.69e+04   |
| time/                   |             |
|    fps                  | 4829        |
|    iterations           | 4           |
|    time_elapsed         | 325         |
|    total_timesteps      | 1572864     |
| train/                  |             |
|    approx_kl            | 0.014681898 |
|    clip_fraction        | 0.217       |
|    clip_range           | 0.2         |
|    entropy_loss         | -1          |
|    explained_variance   | 0.0645      |
|    learning_rate        | 0.0003      |
|    loss                 | 127         |
|    n_updates            | 30          |
|    policy_gradient_loss | -0.0228     |
|    value_loss           | 496         |
-----------------------------------------
-----------------------------------------
| rollout/                |             |
|    ep_len_mean          | 2.36e+04    |
|    ep_rew_mean          | -6.81e+04   |
| time/                   |             |
|    fps                  | 5270        |
|    iterations           | 5           |
|    time_elapsed         | 373         |
|    total_timesteps      | 1966080     |
| train/                  |             |
|    approx_kl            | 0.016926216 |
|    clip_fraction        | 0.24        |
|    clip_range           | 0.2         |
|    entropy_loss         | -0.92       |
|    explained_variance   | 0.0874      |
|    learning_rate        | 0.0003      |
|    loss                 | 118         |
|    n_updates            | 40          |
|    policy_gradient_loss | -0.0228     |
|    value_loss           | 359         |
-----------------------------------------
Eval num_timesteps=1967040, episode_reward=20.62 +/- 34.55
Episode length: 30127.75 +/- 6418.71
-----------------------------------------
| eval/                   |             |
|    mean_ep_length       | 3.01e+04    |
|    mean_reward          | 20.6        |
| time/                   |             |
|    total_timesteps      | 1967040     |
| train/                  |             |
|    approx_kl            | 0.016474312 |
|    clip_fraction        | 0.212       |
|    clip_range           | 0.2         |
|    entropy_loss         | -0.809      |
|    explained_variance   | 0.148       |
|    learning_rate        | 0.0003      |
|    loss                 | 113         |
|    n_updates            | 50          |
|    policy_gradient_loss | -0.0207     |
|    value_loss           | 256         |
-----------------------------------------
New best mean reward!
----------------------------------
| rollout/           |           |
|    ep_len_mean     | 2.54e+04  |
|    ep_rew_mean     | -6.95e+04 |
| time/              |           |
|    fps             | 4177      |
|    iterations      | 6         |
|    time_elapsed    | 564       |
|    total_timesteps | 2359296   |
----------------------------------
-----------------------------------------
| rollout/                |             |
|    ep_len_mean          | 2.56e+04    |
|    ep_rew_mean          | -6.39e+04   |
| time/                   |             |
|    fps                  | 4497        |
|    iterations           | 7           |
|    time_elapsed         | 611         |
|    total_timesteps      | 2752512     |
| train/                  |             |
|    approx_kl            | 0.013565066 |
|    clip_fraction        | 0.169       |
|    clip_range           | 0.2         |
|    entropy_loss         | -0.7        |
|    explained_variance   | 0.175       |
|    learning_rate        | 0.0003      |
|    loss                 | 102         |
|    n_updates            | 60          |
|    policy_gradient_loss | -0.0169     |
|    value_loss           | 221         |
-----------------------------------------
Eval num_timesteps=2950560, episode_reward=-3.33 +/- 258.48
Episode length: 29001.33 +/- 5584.65
-----------------------------------------
| eval/                   |             |
|    mean_ep_length       | 2.9e+04     |
|    mean_reward          | -3.33       |
| time/                   |             |
|    total_timesteps      | 2950560     |
| train/                  |             |
|    approx_kl            | 0.011031903 |
|    clip_fraction        | 0.131       |
|    clip_range           | 0.2         |
|    entropy_loss         | -0.608      |
|    explained_variance   | 0.247       |
|    learning_rate        | 0.0003      |
|    loss                 | 103         |
|    n_updates            | 70          |
|    policy_gradient_loss | -0.0126     |
|    value_loss           | 217         |
-----------------------------------------
----------------------------------
| rollout/           |           |
|    ep_len_mean     | 2.57e+04  |
|    ep_rew_mean     | -5.89e+04 |
| time/              |           |
|    fps             | 3947      |
|    iterations      | 8         |
|    time_elapsed    | 796       |
|    total_timesteps | 3145728   |
----------------------------------
-----------------------------------------
| rollout/                |             |
|    ep_len_mean          | 2.71e+04    |
|    ep_rew_mean          | -5.65e+04   |
| time/                   |             |
|    fps                  | 4204        |
|    iterations           | 9           |
|    time_elapsed         | 841         |
|    total_timesteps      | 3538944     |
| train/                  |             |
|    approx_kl            | 0.009408431 |
|    clip_fraction        | 0.105       |
|    clip_range           | 0.2         |
|    entropy_loss         | -0.514      |
|    explained_variance   | 0.338       |
|    learning_rate        | 0.0003      |
|    loss                 | 112         |
|    n_updates            | 80          |
|    policy_gradient_loss | -0.0112     |
|    value_loss           | 202         |
-----------------------------------------
----------------------------------------
| rollout/                |            |
|    ep_len_mean          | 2.75e+04   |
|    ep_rew_mean          | -5.14e+04  |
| time/                   |            |
|    fps                  | 4423       |
|    iterations           | 10         |
|    time_elapsed         | 888        |
|    total_timesteps      | 3932160    |
| train/                  |            |
|    approx_kl            | 0.00785635 |
|    clip_fraction        | 0.0869     |
|    clip_range           | 0.2        |
|    entropy_loss         | -0.44      |
|    explained_variance   | 0.404      |
|    learning_rate        | 0.0003     |
|    loss                 | 90.9       |
|    n_updates            | 90         |
|    policy_gradient_loss | -0.0096    |
|    value_loss           | 190        |
----------------------------------------
Eval num_timesteps=3934080, episode_reward=56.88 +/- 174.32
Episode length: 30709.08 +/- 3241.36
-----------------------------------------
| eval/                   |             |
|    mean_ep_length       | 3.07e+04    |
|    mean_reward          | 56.9        |
| time/                   |             |
|    total_timesteps      | 3934080     |
| train/                  |             |
|    approx_kl            | 0.006891643 |
|    clip_fraction        | 0.0705      |
|    clip_range           | 0.2         |
|    entropy_loss         | -0.373      |
|    explained_variance   | 0.449       |
|    learning_rate        | 0.0003      |
|    loss                 | 84.7        |
|    n_updates            | 100         |
|    policy_gradient_loss | -0.00807    |
|    value_loss           | 180         |
-----------------------------------------
New best mean reward!
----------------------------------
| rollout/           |           |
|    ep_len_mean     | 2.74e+04  |
|    ep_rew_mean     | -4.11e+04 |
| time/              |           |
|    fps             | 4069      |
|    iterations      | 11        |
|    time_elapsed    | 1062      |
|    total_timesteps | 4325376   |
----------------------------------
------------------------------------------
| rollout/                |              |
|    ep_len_mean          | 2.75e+04     |
|    ep_rew_mean          | -3.13e+04    |
| time/                   |              |
|    fps                  | 4260         |
|    iterations           | 12           |
|    time_elapsed         | 1107         |
|    total_timesteps      | 4718592      |
| train/                  |              |
|    approx_kl            | 0.0058094393 |
|    clip_fraction        | 0.0558       |
|    clip_range           | 0.2          |
|    entropy_loss         | -0.311       |
|    explained_variance   | 0.485        |
|    learning_rate        | 0.0003       |
|    loss                 | 68.1         |
|    n_updates            | 110          |
|    policy_gradient_loss | -0.00648     |
|    value_loss           | 161          |
------------------------------------------
[TimeLimitCallback] deadline atingido (24s além do limite) -- parando treino com margem de segurança.

=== Fold 2 -- chunk intermediário, avaliação fica pro chunk final (FINAL_CHUNK=1) ===
