=== Folds walk-forward (TimeSeriesSplit, n_folds=3) ===
Throughput assumido : 4,209 steps/s  (ajuste para a máquina onde for treinar)
Passadas-alvo/dia   : 20.0 (igual para todos os folds)
Chunk (job Slurm)   : 1140s de treino real por job encadeado
Ticks médios/pregão : 27,662
Pregões disponíveis : 80  |  pregões usados: 80
  Fold 1: treino=[  1..  8] (  8 dias)  validação=[  9.. 20] ( 12 dias)  teste=[ 21.. 32] ( 12 dias)  total_timesteps=4,425,920 (~20.0 passadas/dia de treino, 1 chunk(s) de 1140s)
  Fold 2: treino=[  1.. 32] ( 32 dias)  validação=[ 33.. 44] ( 12 dias)  teste=[ 45.. 56] ( 12 dias)  total_timesteps=17,703,680 (~20.0 passadas/dia de treino, 4 chunk(s) de 1140s)
  Fold 3: treino=[  1.. 56] ( 56 dias)  validação=[ 57.. 68] ( 12 dias)  teste=[ 69.. 80] ( 12 dias)  total_timesteps=30,981,440 (~20.0 passadas/dia de treino, 7 chunk(s) de 1140s)

########## FOLD 3/3 ##########
Retomando treino a partir de 'ppo_arbitrage_fold3.zip'.
---------------------------------
| rollout/           |          |
|    ep_len_mean     | 2.93e+04 |
|    ep_rew_mean     | -264     |
| time/              |          |
|    fps             | 16689    |
|    iterations      | 1        |
|    time_elapsed    | 23       |
|    total_timesteps | 23106288 |
---------------------------------
---------------------------------------
| rollout/                |           |
|    ep_len_mean          | 2.93e+04  |
|    ep_rew_mean          | -264      |
| time/                   |           |
|    fps                  | 10968     |
|    iterations           | 2         |
|    time_elapsed         | 71        |
|    total_timesteps      | 23499504  |
| train/                  |           |
|    approx_kl            | 0.0068505 |
|    clip_fraction        | 0.0232    |
|    clip_range           | 0.2       |
|    entropy_loss         | -0.0414   |
|    explained_variance   | 0.18      |
|    learning_rate        | 0.0003    |
|    loss                 | 43.2      |
|    n_updates            | 580       |
|    policy_gradient_loss | -0.00259  |
|    value_loss           | 98        |
---------------------------------------
------------------------------------------
| rollout/                |              |
|    ep_len_mean          | 2.77e+04     |
|    ep_rew_mean          | -250         |
| time/                   |              |
|    fps                  | 9859         |
|    iterations           | 3            |
|    time_elapsed         | 119          |
|    total_timesteps      | 23892720     |
| train/                  |              |
|    approx_kl            | 0.0062045944 |
|    clip_fraction        | 0.0219       |
|    clip_range           | 0.2          |
|    entropy_loss         | -0.0403      |
|    explained_variance   | 0.174        |
|    learning_rate        | 0.0003       |
|    loss                 | 41           |
|    n_updates            | 590          |
|    policy_gradient_loss | -0.00265     |
|    value_loss           | 84.6         |
------------------------------------------
------------------------------------------
| rollout/                |              |
|    ep_len_mean          | 2.74e+04     |
|    ep_rew_mean          | -274         |
| time/                   |              |
|    fps                  | 9380         |
|    iterations           | 4            |
|    time_elapsed         | 167          |
|    total_timesteps      | 24285936     |
| train/                  |              |
|    approx_kl            | 0.0075169913 |
|    clip_fraction        | 0.0253       |
|    clip_range           | 0.2          |
|    entropy_loss         | -0.0426      |
|    explained_variance   | 0.206        |
|    learning_rate        | 0.0003       |
|    loss                 | 39.7         |
|    n_updates            | 600          |
|    policy_gradient_loss | -0.0029      |
|    value_loss           | 89.4         |
------------------------------------------
Eval num_timesteps=24434256, episode_reward=-1280.42 +/- 540.41
Episode length: 25993.92 +/- 3862.70
------------------------------------------
| eval/                   |              |
|    mean_ep_length       | 2.6e+04      |
|    mean_reward          | -1.28e+03    |
| time/                   |              |
|    total_timesteps      | 24434256     |
| train/                  |              |
|    approx_kl            | 0.0069169863 |
|    clip_fraction        | 0.0258       |
|    clip_range           | 0.2          |
|    entropy_loss         | -0.0457      |
|    explained_variance   | 0.149        |
|    learning_rate        | 0.0003       |
|    loss                 | 42.5         |
|    n_updates            | 610          |
|    policy_gradient_loss | -0.00308     |
|    value_loss           | 106          |
------------------------------------------
New best mean reward!
---------------------------------
| rollout/           |          |
|    ep_len_mean     | 2.79e+04 |
|    ep_rew_mean     | -286     |
| time/              |          |
|    fps             | 5725     |
|    iterations      | 5        |
|    time_elapsed    | 343      |
|    total_timesteps | 24679152 |
---------------------------------
------------------------------------------
| rollout/                |              |
|    ep_len_mean          | 2.76e+04     |
|    ep_rew_mean          | -252         |
| time/                   |              |
|    fps                  | 6038         |
|    iterations           | 6            |
|    time_elapsed         | 390          |
|    total_timesteps      | 25072368     |
| train/                  |              |
|    approx_kl            | 0.0068062246 |
|    clip_fraction        | 0.0242       |
|    clip_range           | 0.2          |
|    entropy_loss         | -0.0423      |
|    explained_variance   | 0.16         |
|    learning_rate        | 0.0003       |
|    loss                 | 42.8         |
|    n_updates            | 620          |
|    policy_gradient_loss | -0.00281     |
|    value_loss           | 93.8         |
------------------------------------------
-----------------------------------------
| rollout/                |             |
|    ep_len_mean          | 2.75e+04    |
|    ep_rew_mean          | -311        |
| time/                   |             |
|    fps                  | 6281        |
|    iterations           | 7           |
|    time_elapsed         | 438         |
|    total_timesteps      | 25465584    |
| train/                  |             |
|    approx_kl            | 0.006496361 |
|    clip_fraction        | 0.0243      |
|    clip_range           | 0.2         |
|    entropy_loss         | -0.0449     |
|    explained_variance   | 0.211       |
|    learning_rate        | 0.0003      |
|    loss                 | 42.5        |
|    n_updates            | 630         |
|    policy_gradient_loss | -0.00294    |
|    value_loss           | 101         |
-----------------------------------------
-----------------------------------------
| rollout/                |             |
|    ep_len_mean          | 2.77e+04    |
|    ep_rew_mean          | -281        |
| time/                   |             |
|    fps                  | 6482        |
|    iterations           | 8           |
|    time_elapsed         | 485         |
|    total_timesteps      | 25858800    |
| train/                  |             |
|    approx_kl            | 0.006559422 |
|    clip_fraction        | 0.0248      |
|    clip_range           | 0.2         |
|    entropy_loss         | -0.0424     |
|    explained_variance   | 0.169       |
|    learning_rate        | 0.0003      |
|    loss                 | 48.7        |
|    n_updates            | 640         |
|    policy_gradient_loss | -0.0025     |
|    value_loss           | 101         |
-----------------------------------------
Eval num_timesteps=26155440, episode_reward=-1030.21 +/- 916.06
Episode length: 28189.25 +/- 5035.05
-----------------------------------------
| eval/                   |             |
|    mean_ep_length       | 2.82e+04    |
|    mean_reward          | -1.03e+03   |
| time/                   |             |
|    total_timesteps      | 26155440    |
| train/                  |             |
|    approx_kl            | 0.006878534 |
|    clip_fraction        | 0.0238      |
|    clip_range           | 0.2         |
|    entropy_loss         | -0.0412     |
|    explained_variance   | 0.17        |
|    learning_rate        | 0.0003      |
|    loss                 | 42.1        |
|    n_updates            | 650         |
|    policy_gradient_loss | -0.00276    |
|    value_loss           | 93.2        |
-----------------------------------------
New best mean reward!
---------------------------------
| rollout/           |          |
|    ep_len_mean     | 2.88e+04 |
|    ep_rew_mean     | -289     |
| time/              |          |
|    fps             | 5306     |
|    iterations      | 9        |
|    time_elapsed    | 666      |
|    total_timesteps | 26252016 |
---------------------------------
------------------------------------------
| rollout/                |              |
|    ep_len_mean          | 2.96e+04     |
|    ep_rew_mean          | -377         |
| time/                   |              |
|    fps                  | 5506         |
|    iterations           | 10           |
|    time_elapsed         | 714          |
|    total_timesteps      | 26645232     |
| train/                  |              |
|    approx_kl            | 0.0075782426 |
|    clip_fraction        | 0.0248       |
|    clip_range           | 0.2          |
|    entropy_loss         | -0.0417      |
|    explained_variance   | 0.205        |
|    learning_rate        | 0.0003       |
|    loss                 | 45.4         |
|    n_updates            | 660          |
|    policy_gradient_loss | -0.00296     |
|    value_loss           | 102          |
------------------------------------------
------------------------------------------
| rollout/                |              |
|    ep_len_mean          | 3.07e+04     |
|    ep_rew_mean          | -476         |
| time/                   |              |
|    fps                  | 5681         |
|    iterations           | 11           |
|    time_elapsed         | 761          |
|    total_timesteps      | 27038448     |
| train/                  |              |
|    approx_kl            | 0.0061703287 |
|    clip_fraction        | 0.0227       |
|    clip_range           | 0.2          |
|    entropy_loss         | -0.0398      |
|    explained_variance   | 0.215        |
|    learning_rate        | 0.0003       |
|    loss                 | 45.5         |
|    n_updates            | 670          |
|    policy_gradient_loss | -0.00299     |
|    value_loss           | 94.1         |
------------------------------------------
------------------------------------------
| rollout/                |              |
|    ep_len_mean          | 3.04e+04     |
|    ep_rew_mean          | -448         |
| time/                   |              |
|    fps                  | 5834         |
|    iterations           | 12           |
|    time_elapsed         | 808          |
|    total_timesteps      | 27431664     |
| train/                  |              |
|    approx_kl            | 0.0060440213 |
|    clip_fraction        | 0.0225       |
|    clip_range           | 0.2          |
|    entropy_loss         | -0.0416      |
|    explained_variance   | 0.227        |
|    learning_rate        | 0.0003       |
|    loss                 | 50.4         |
|    n_updates            | 680          |
|    policy_gradient_loss | -0.00276     |
|    value_loss           | 104          |
------------------------------------------
------------------------------------------
| rollout/                |              |
|    ep_len_mean          | 2.94e+04     |
|    ep_rew_mean          | -357         |
| time/                   |              |
|    fps                  | 5971         |
|    iterations           | 13           |
|    time_elapsed         | 856          |
|    total_timesteps      | 27824880     |
| train/                  |              |
|    approx_kl            | 0.0065088593 |
|    clip_fraction        | 0.0228       |
|    clip_range           | 0.2          |
|    entropy_loss         | -0.0406      |
|    explained_variance   | 0.251        |
|    learning_rate        | 0.0003       |
|    loss                 | 46           |
|    n_updates            | 690          |
|    policy_gradient_loss | -0.00233     |
|    value_loss           | 111          |
------------------------------------------
Eval num_timesteps=27876624, episode_reward=-923.54 +/- 905.52
Episode length: 25677.33 +/- 4747.81
------------------------------------------
| eval/                   |              |
|    mean_ep_length       | 2.57e+04     |
|    mean_reward          | -924         |
| time/                   |              |
|    total_timesteps      | 27876624     |
| train/                  |              |
|    approx_kl            | 0.0060299095 |
|    clip_fraction        | 0.023        |
|    clip_range           | 0.2          |
|    entropy_loss         | -0.0416      |
|    explained_variance   | 0.176        |
|    learning_rate        | 0.0003       |
|    loss                 | 51.2         |
|    n_updates            | 700          |
|    policy_gradient_loss | -0.00269     |
|    value_loss           | 108          |
------------------------------------------
New best mean reward!
---------------------------------
| rollout/           |          |
|    ep_len_mean     | 3e+04    |
|    ep_rew_mean     | -336     |
| time/              |          |
|    fps             | 5384     |
|    iterations      | 14       |
|    time_elapsed    | 1022     |
|    total_timesteps | 28218096 |
---------------------------------
------------------------------------------
| rollout/                |              |
|    ep_len_mean          | 2.99e+04     |
|    ep_rew_mean          | -214         |
| time/                   |              |
|    fps                  | 5515         |
|    iterations           | 15           |
|    time_elapsed         | 1069         |
|    total_timesteps      | 28611312     |
| train/                  |              |
|    approx_kl            | 0.0069165216 |
|    clip_fraction        | 0.0284       |
|    clip_range           | 0.2          |
|    entropy_loss         | -0.0383      |
|    explained_variance   | 0.193        |
|    learning_rate        | 0.0003       |
|    loss                 | 36.8         |
|    n_updates            | 710          |
|    policy_gradient_loss | 0.000585     |
|    value_loss           | 95.9         |
------------------------------------------
[TimeLimitCallback] deadline atingido (0s além do limite) -- parando treino com margem de segurança.

=== Fold 3 -- chunk intermediário, avaliação fica pro chunk final (FINAL_CHUNK=1) ===
