=== Folds walk-forward (TimeSeriesSplit, n_folds=3) ===
Throughput assumido : 4,209 steps/s  (ajuste para a máquina onde for treinar)
Passadas-alvo/dia   : 20.0 (igual para todos os folds)
Chunk (job Slurm)   : 1140s de treino real por job encadeado
Ticks médios/pregão : 27,662
Pregões disponíveis : 80  |  pregões usados: 80
  Fold 1: treino=[  1..  8] (  8 dias)  validação=[  9.. 20] ( 12 dias)  teste=[ 21.. 32] ( 12 dias)  total_timesteps=4,425,920 (~20.0 passadas/dia de treino, 1 chunk(s) de 1140s)
  Fold 2: treino=[  1.. 32] ( 32 dias)  validação=[ 33.. 44] ( 12 dias)  teste=[ 45.. 56] ( 12 dias)  total_timesteps=17,703,680 (~20.0 passadas/dia de treino, 4 chunk(s) de 1140s)
  Fold 3: treino=[  1.. 56] ( 56 dias)  validação=[ 57.. 68] ( 12 dias)  teste=[ 69.. 80] ( 12 dias)  total_timesteps=30,981,440 (~20.0 passadas/dia de treino, 7 chunk(s) de 1140s)

########## FOLD 3/3 ##########
Retomando treino a partir de 'ppo_arbitrage_fold3.zip'.
---------------------------------
| rollout/           |          |
|    ep_len_mean     | 2.94e+04 |
|    ep_rew_mean     | -196     |
| time/              |          |
|    fps             | 16477    |
|    iterations      | 1        |
|    time_elapsed    | 23       |
|    total_timesteps | 29128368 |
---------------------------------
-----------------------------------------
| rollout/                |             |
|    ep_len_mean          | 2.92e+04    |
|    ep_rew_mean          | -203        |
| time/                   |             |
|    fps                  | 10952       |
|    iterations           | 2           |
|    time_elapsed         | 71          |
|    total_timesteps      | 29521584    |
| train/                  |             |
|    approx_kl            | 0.006936876 |
|    clip_fraction        | 0.0252      |
|    clip_range           | 0.2         |
|    entropy_loss         | -0.0428     |
|    explained_variance   | 0.219       |
|    learning_rate        | 0.0003      |
|    loss                 | 48.1        |
|    n_updates            | 730         |
|    policy_gradient_loss | -0.00262    |
|    value_loss           | 110         |
-----------------------------------------
------------------------------------------
| rollout/                |              |
|    ep_len_mean          | 2.79e+04     |
|    ep_rew_mean          | -155         |
| time/                   |              |
|    fps                  | 9838         |
|    iterations           | 3            |
|    time_elapsed         | 119          |
|    total_timesteps      | 29914800     |
| train/                  |              |
|    approx_kl            | 0.0072828582 |
|    clip_fraction        | 0.0238       |
|    clip_range           | 0.2          |
|    entropy_loss         | -0.0389      |
|    explained_variance   | 0.185        |
|    learning_rate        | 0.0003       |
|    loss                 | 41.4         |
|    n_updates            | 740          |
|    policy_gradient_loss | -0.00301     |
|    value_loss           | 83.4         |
------------------------------------------
------------------------------------------
| rollout/                |              |
|    ep_len_mean          | 2.77e+04     |
|    ep_rew_mean          | -134         |
| time/                   |              |
|    fps                  | 9356         |
|    iterations           | 4            |
|    time_elapsed         | 168          |
|    total_timesteps      | 30308016     |
| train/                  |              |
|    approx_kl            | 0.0076077073 |
|    clip_fraction        | 0.0257       |
|    clip_range           | 0.2          |
|    entropy_loss         | -0.0424      |
|    explained_variance   | 0.167        |
|    learning_rate        | 0.0003       |
|    loss                 | 43.1         |
|    n_updates            | 750          |
|    policy_gradient_loss | -0.00256     |
|    value_loss           | 96.8         |
------------------------------------------
Eval num_timesteps=30456336, episode_reward=-886.46 +/- 748.55
Episode length: 27300.75 +/- 4401.23
------------------------------------------
| eval/                   |              |
|    mean_ep_length       | 2.73e+04     |
|    mean_reward          | -886         |
| time/                   |              |
|    total_timesteps      | 30456336     |
| train/                  |              |
|    approx_kl            | 0.0072138417 |
|    clip_fraction        | 0.0279       |
|    clip_range           | 0.2          |
|    entropy_loss         | -0.0445      |
|    explained_variance   | 0.155        |
|    learning_rate        | 0.0003       |
|    loss                 | 42.8         |
|    n_updates            | 760          |
|    policy_gradient_loss | -0.00225     |
|    value_loss           | 102          |
------------------------------------------
New best mean reward!
---------------------------------
| rollout/           |          |
|    ep_len_mean     | 2.77e+04 |
|    ep_rew_mean     | -127     |
| time/              |          |
|    fps             | 5638     |
|    iterations      | 5        |
|    time_elapsed    | 348      |
|    total_timesteps | 30701232 |
---------------------------------
------------------------------------------
| rollout/                |              |
|    ep_len_mean          | 2.88e+04     |
|    ep_rew_mean          | -101         |
| time/                   |              |
|    fps                  | 5954         |
|    iterations           | 6            |
|    time_elapsed         | 396          |
|    total_timesteps      | 31094448     |
| train/                  |              |
|    approx_kl            | 0.0072268937 |
|    clip_fraction        | 0.0271       |
|    clip_range           | 0.2          |
|    entropy_loss         | -0.042       |
|    explained_variance   | 0.197        |
|    learning_rate        | 0.0003       |
|    loss                 | 45.4         |
|    n_updates            | 770          |
|    policy_gradient_loss | 0.00137      |
|    value_loss           | 103          |
------------------------------------------
-----------------------------------------
| rollout/                |             |
|    ep_len_mean          | 2.82e+04    |
|    ep_rew_mean          | -152        |
| time/                   |             |
|    fps                  | 6202        |
|    iterations           | 7           |
|    time_elapsed         | 443         |
|    total_timesteps      | 31487664    |
| train/                  |             |
|    approx_kl            | 0.006105418 |
|    clip_fraction        | 0.0232      |
|    clip_range           | 0.2         |
|    entropy_loss         | -0.0415     |
|    explained_variance   | 0.178       |
|    learning_rate        | 0.0003      |
|    loss                 | 42.6        |
|    n_updates            | 780         |
|    policy_gradient_loss | -0.00301    |
|    value_loss           | 99.2        |
-----------------------------------------
-----------------------------------------
| rollout/                |             |
|    ep_len_mean          | 2.84e+04    |
|    ep_rew_mean          | -197        |
| time/                   |             |
|    fps                  | 6408        |
|    iterations           | 8           |
|    time_elapsed         | 490         |
|    total_timesteps      | 31880880    |
| train/                  |             |
|    approx_kl            | 0.006236719 |
|    clip_fraction        | 0.0227      |
|    clip_range           | 0.2         |
|    entropy_loss         | -0.0416     |
|    explained_variance   | 0.169       |
|    learning_rate        | 0.0003      |
|    loss                 | 47.7        |
|    n_updates            | 790         |
|    policy_gradient_loss | -0.00299    |
|    value_loss           | 105         |
-----------------------------------------
Eval num_timesteps=32177520, episode_reward=-1144.38 +/- 742.30
Episode length: 27274.58 +/- 4441.14
---------------------------------------
| eval/                   |           |
|    mean_ep_length       | 2.73e+04  |
|    mean_reward          | -1.14e+03 |
| time/                   |           |
|    total_timesteps      | 32177520  |
| train/                  |           |
|    approx_kl            | 0.0062079 |
|    clip_fraction        | 0.0231    |
|    clip_range           | 0.2       |
|    entropy_loss         | -0.0412   |
|    explained_variance   | 0.205     |
|    learning_rate        | 0.0003    |
|    loss                 | 55.2      |
|    n_updates            | 800       |
|    policy_gradient_loss | -0.00301  |
|    value_loss           | 102       |
---------------------------------------
---------------------------------
| rollout/           |          |
|    ep_len_mean     | 2.88e+04 |
|    ep_rew_mean     | -261     |
| time/              |          |
|    fps             | 5308     |
|    iterations      | 9        |
|    time_elapsed    | 666      |
|    total_timesteps | 32274096 |
---------------------------------
-----------------------------------------
| rollout/                |             |
|    ep_len_mean          | 2.99e+04    |
|    ep_rew_mean          | -260        |
| time/                   |             |
|    fps                  | 5506        |
|    iterations           | 10          |
|    time_elapsed         | 714         |
|    total_timesteps      | 32667312    |
| train/                  |             |
|    approx_kl            | 0.006227745 |
|    clip_fraction        | 0.0236      |
|    clip_range           | 0.2         |
|    entropy_loss         | -0.0434     |
|    explained_variance   | 0.22        |
|    learning_rate        | 0.0003      |
|    loss                 | 48.9        |
|    n_updates            | 810         |
|    policy_gradient_loss | -0.00309    |
|    value_loss           | 112         |
-----------------------------------------
-----------------------------------------
| rollout/                |             |
|    ep_len_mean          | 3.01e+04    |
|    ep_rew_mean          | -159        |
| time/                   |             |
|    fps                  | 5681        |
|    iterations           | 11          |
|    time_elapsed         | 761         |
|    total_timesteps      | 33060528    |
| train/                  |             |
|    approx_kl            | 0.006439451 |
|    clip_fraction        | 0.0259      |
|    clip_range           | 0.2         |
|    entropy_loss         | -0.0413     |
|    explained_variance   | 0.249       |
|    learning_rate        | 0.0003      |
|    loss                 | 52.7        |
|    n_updates            | 820         |
|    policy_gradient_loss | -0.00179    |
|    value_loss           | 108         |
-----------------------------------------
-----------------------------------------
| rollout/                |             |
|    ep_len_mean          | 2.98e+04    |
|    ep_rew_mean          | -75.1       |
| time/                   |             |
|    fps                  | 5834        |
|    iterations           | 12          |
|    time_elapsed         | 808         |
|    total_timesteps      | 33453744    |
| train/                  |             |
|    approx_kl            | 0.006400125 |
|    clip_fraction        | 0.0242      |
|    clip_range           | 0.2         |
|    entropy_loss         | -0.0425     |
|    explained_variance   | 0.245       |
|    learning_rate        | 0.0003      |
|    loss                 | 51.9        |
|    n_updates            | 830         |
|    policy_gradient_loss | -0.00294    |
|    value_loss           | 108         |
-----------------------------------------
------------------------------------------
| rollout/                |              |
|    ep_len_mean          | 2.87e+04     |
|    ep_rew_mean          | -34          |
| time/                   |              |
|    fps                  | 5971         |
|    iterations           | 13           |
|    time_elapsed         | 855          |
|    total_timesteps      | 33846960     |
| train/                  |              |
|    approx_kl            | 0.0065521686 |
|    clip_fraction        | 0.0246       |
|    clip_range           | 0.2          |
|    entropy_loss         | -0.041       |
|    explained_variance   | 0.251        |
|    learning_rate        | 0.0003       |
|    loss                 | 50           |
|    n_updates            | 840          |
|    policy_gradient_loss | -0.00234     |
|    value_loss           | 108          |
------------------------------------------
Eval num_timesteps=33898704, episode_reward=-1438.33 +/- 1201.85
Episode length: 26885.92 +/- 5756.39
----------------------------------------
| eval/                   |            |
|    mean_ep_length       | 2.69e+04   |
|    mean_reward          | -1.44e+03  |
| time/                   |            |
|    total_timesteps      | 33898704   |
| train/                  |            |
|    approx_kl            | 0.00704984 |
|    clip_fraction        | 0.0241     |
|    clip_range           | 0.2        |
|    entropy_loss         | -0.042     |
|    explained_variance   | 0.239      |
|    learning_rate        | 0.0003     |
|    loss                 | 45.3       |
|    n_updates            | 850        |
|    policy_gradient_loss | -0.00274   |
|    value_loss           | 112        |
----------------------------------------
---------------------------------
| rollout/           |          |
|    ep_len_mean     | 2.9e+04  |
|    ep_rew_mean     | 138      |
| time/              |          |
|    fps             | 5426     |
|    iterations      | 14       |
|    time_elapsed    | 1014     |
|    total_timesteps | 34240176 |
---------------------------------
------------------------------------------
| rollout/                |              |
|    ep_len_mean          | 2.9e+04      |
|    ep_rew_mean          | 193          |
| time/                   |              |
|    fps                  | 5554         |
|    iterations           | 15           |
|    time_elapsed         | 1061         |
|    total_timesteps      | 34633392     |
| train/                  |              |
|    approx_kl            | 0.0068121417 |
|    clip_fraction        | 0.0263       |
|    clip_range           | 0.2          |
|    entropy_loss         | -0.0434      |
|    explained_variance   | 0.254        |
|    learning_rate        | 0.0003       |
|    loss                 | 60           |
|    n_updates            | 860          |
|    policy_gradient_loss | -0.00212     |
|    value_loss           | 117          |
------------------------------------------
[TimeLimitCallback] deadline atingido (0s além do limite) -- parando treino com margem de segurança.

=== Fold 3 -- chunk intermediário, avaliação fica pro chunk final (FINAL_CHUNK=1) ===
