=== Calculando plano de chunks por fold (TARGET_N_PASSADAS=20.0) ===
  Fold ===: Folds walk-forward (TimeSeriesSplit, n_folds=3) === chunk(s)
  Fold Throughput: assumido : 4,209 steps/s  (ajuste para a máquina onde for treinar) chunk(s)
  Fold Passadas-alvo/dia: : 20.0 (igual para todos os folds) chunk(s)
  Fold Chunk: (job Slurm)   : 1140s de treino real por job encadeado chunk(s)
  Fold Ticks: médios/pregão : 27,662 chunk(s)
  Fold Pregões: disponíveis : 80  |  pregões usados: 80 chunk(s)
  Fold Fold: 1: treino=[  1..  8] (  8 dias)  validação=[  9.. 20] ( 12 dias)  teste=[ 21.. 32] ( 12 dias)  total_timesteps=4,425,920 (~20.0 passadas/dia de treino, 1 chunk(s) de 1140s) chunk(s)
  Fold Fold: 2: treino=[  1.. 32] ( 32 dias)  validação=[ 33.. 44] ( 12 dias)  teste=[ 45.. 56] ( 12 dias)  total_timesteps=17,703,680 (~20.0 passadas/dia de treino, 4 chunk(s) de 1140s) chunk(s)
  Fold Fold: 3: treino=[  1.. 56] ( 56 dias)  validação=[ 57.. 68] ( 12 dias)  teste=[ 69.. 80] ( 12 dias)  total_timesteps=30,981,440 (~20.0 passadas/dia de treino, 7 chunk(s) de 1140s) chunk(s)
  Fold 1: 1 chunk(s)
  Fold 2: 4 chunk(s)
  Fold 3: 7 chunk(s)
=== Submetendo fold 1/3, chunk 1/1 (Wed Sep 16 13:07:43 -03 2026) ===
Submitted batch job 11595273
=== Fold 1, chunk 1 concluído (Wed Sep 16 13:25:30 -03 2026) ===
=== Submetendo fold 2/3, chunk 1/4 (Wed Sep 16 13:25:30 -03 2026) ===
Submitted batch job 11595283
=== Fold 2, chunk 1 concluído (Wed Sep 16 13:45:05 -03 2026) ===
=== Submetendo fold 2/3, chunk 2/4 (Wed Sep 16 13:45:05 -03 2026) ===
Submitted batch job 11595291
=== Fold 2, chunk 2 concluído (Wed Sep 16 14:04:27 -03 2026) ===
=== Submetendo fold 2/3, chunk 3/4 (Wed Sep 16 14:04:27 -03 2026) ===
Submitted batch job 11595300
=== Fold 2, chunk 3 concluído (Wed Sep 16 14:24:58 -03 2026) ===
=== Submetendo fold 2/3, chunk 4/4 (Wed Sep 16 14:24:58 -03 2026) ===
Submitted batch job 11595312
=== Fold 2, chunk 4 concluído (Wed Sep 16 14:42:54 -03 2026) ===
=== Submetendo fold 3/3, chunk 1/7 (Wed Sep 16 14:42:54 -03 2026) ===
Submitted batch job 11595322
=== Fold 3, chunk 1 concluído (Wed Sep 16 15:02:23 -03 2026) ===
=== Submetendo fold 3/3, chunk 2/7 (Wed Sep 16 15:02:23 -03 2026) ===
Submitted batch job 11595329
=== Fold 3, chunk 2 concluído (Wed Sep 16 15:22:25 -03 2026) ===
=== Submetendo fold 3/3, chunk 3/7 (Wed Sep 16 15:22:25 -03 2026) ===
Submitted batch job 11595340
=== Fold 3, chunk 3 concluído (Wed Sep 16 15:44:37 -03 2026) ===
=== Submetendo fold 3/3, chunk 4/7 (Wed Sep 16 15:44:37 -03 2026) ===
Submitted batch job 11595345
=== Fold 3, chunk 4 concluído (Wed Sep 16 16:04:05 -03 2026) ===
=== Submetendo fold 3/3, chunk 5/7 (Wed Sep 16 16:04:05 -03 2026) ===
Submitted batch job 11595355
=== Fold 3, chunk 5 concluído (Wed Sep 16 16:23:34 -03 2026) ===
=== Submetendo fold 3/3, chunk 6/7 (Wed Sep 16 16:23:34 -03 2026) ===
Submitted batch job 11595364
=== Fold 3, chunk 6 concluído (Wed Sep 16 16:43:04 -03 2026) ===
=== Submetendo fold 3/3, chunk 7/7 (Wed Sep 16 16:43:04 -03 2026) ===
Submitted batch job 11595370
=== Fold 3, chunk 7 concluído (Wed Sep 16 17:00:59 -03 2026) ===
=== Todos os 3 folds concluídos ===
