RUN_TAG=p10  CHUNK_INDEX=1
=== Folds walk-forward (TimeSeriesSplit, n_folds=3) ===
Throughput assumido : 4,209 steps/s  (ajuste para a máquina onde for treinar)
Passadas-alvo/dia   : 10.0 (igual para todos os folds)
Chunk (job Slurm)   : 1140s de treino real por job encadeado
Ticks médios/pregão : 27,662
Pregões disponíveis : 80  |  pregões usados: 80
  Fold 1: treino=[  1..  8] (  8 dias)  validação=[  9.. 20] ( 12 dias)  teste=[ 21.. 32] ( 12 dias)  total_timesteps=2,212,960 (~10.0 passadas/dia de treino, 1 chunk(s) de 1140s)
  Fold 2: treino=[  1.. 32] ( 32 dias)  validação=[ 33.. 44] ( 12 dias)  teste=[ 45.. 56] ( 12 dias)  total_timesteps=8,851,840 (~10.0 passadas/dia de treino, 2 chunk(s) de 1140s)
  Fold 3: treino=[  1.. 56] ( 56 dias)  validação=[ 57.. 68] ( 12 dias)  teste=[ 69.. 80] ( 12 dias)  total_timesteps=15,490,720 (~10.0 passadas/dia de treino, 4 chunk(s) de 1140s)

########## FOLD 1/3 ##########
Using cpu device
Logging to logs/p10/fold1/chunk1
Eval num_timesteps=122928, episode_reward=-70914.58 +/- 14115.96
Episode length: 32295.83 +/- 5096.89
----------------------------------
| eval/              |           |
|    mean_ep_length  | 3.23e+04  |
|    mean_reward     | -7.09e+04 |
| time/              |           |
|    total_timesteps | 122928    |
----------------------------------
New best mean reward!
Eval num_timesteps=245856, episode_reward=-59767.92 +/- 19560.74
Episode length: 28839.67 +/- 6851.01
----------------------------------
| eval/              |           |
|    mean_ep_length  | 2.88e+04  |
|    mean_reward     | -5.98e+04 |
| time/              |           |
|    total_timesteps | 245856    |
----------------------------------
New best mean reward!
Eval num_timesteps=368784, episode_reward=-64267.08 +/- 17891.48
Episode length: 29853.50 +/- 6687.20
----------------------------------
| eval/              |           |
|    mean_ep_length  | 2.99e+04  |
|    mean_reward     | -6.43e+04 |
| time/              |           |
|    total_timesteps | 368784    |
----------------------------------
-------------------------------
| time/              |        |
|    fps             | 839    |
|    iterations      | 1      |
|    time_elapsed    | 468    |
|    total_timesteps | 393216 |
-------------------------------
Eval num_timesteps=491712, episode_reward=-452.08 +/- 188.79
Episode length: 30175.25 +/- 4947.71
-----------------------------------------
| eval/                   |             |
|    mean_ep_length       | 3.02e+04    |
|    mean_reward          | -452        |
| time/                   |             |
|    total_timesteps      | 491712      |
| train/                  |             |
|    approx_kl            | 0.014481154 |
|    clip_fraction        | 0.122       |
|    clip_range           | 0.2         |
|    entropy_loss         | -1.09       |
|    explained_variance   | 0.000383    |
|    learning_rate        | 0.0003      |
|    loss                 | 152         |
|    n_updates            | 10          |
|    policy_gradient_loss | -0.0137     |
|    value_loss           | 1.33e+03    |
-----------------------------------------
New best mean reward!
Eval num_timesteps=614640, episode_reward=-509.38 +/- 387.39
Episode length: 30186.92 +/- 6926.66
---------------------------------
| eval/              |          |
|    mean_ep_length  | 3.02e+04 |
|    mean_reward     | -509     |
| time/              |          |
|    total_timesteps | 614640   |
---------------------------------
[TimeLimitCallback] deadline atingido (125s além do limite) -- parando treino com margem de segurança.

=== Fold 1 -- Avaliação em VALIDAÇÃO ===
    order  lucro_total  negocios_fechados  negocios_vencedores
0       9       -740.0                108                   24
1      10        -92.5                 31                    4
2      11       -112.5                 59                   14
3      12       -382.5                 77                   17
4      13       -900.0                156                   34
5      14      -1337.5                131                   26
6      15       -662.5                141                   25
7      16       -390.0                 58                    8
8      17       -385.0                 82                   16
9      18      -1142.5                225                   45
10     19       -485.0                 78                   14
11     20       -192.5                 39                    5

Lucro total agregado: -6822.50 pontos (R$ -1364.50)
Negócios fechados: 1185
Taxa de acerto: 19.58%

=== Distribuição de P&L por negócio (líquida de custos) ===
Total de negócios: 1185  |  vencedores: 232  |  perdedores: 953
Ganho médio       : 9.44   |  mediana: 2.50   |  máximo: 187.50
Perda média       : -9.46   |  mediana: -7.50   |  mínimo: -177.50
Perda média / Ganho médio: 1.00x
  percentil  1: -37.50
  percentil  5: -22.50
  percentil 25: -12.50
  percentil 50: -7.50
  percentil 75: -2.50
  percentil 95: 7.50
  percentil 99: 33.30

=== Fold 1 -- Avaliação em TESTE ===
    order  lucro_total  negocios_fechados  negocios_vencedores
0      21       -222.5                 31                    4
1      22       -465.0                 72                   14
2      23         27.5                 43                   13
3      24       -195.0                 42                   12
4      25        -12.5                 15                    4
5      26       -930.0                112                    7
6      27       -327.5                 41                    5
7      28       -167.5                 31                    6
8      29       -402.5                 61                    7
9      30       -245.0                 62                   15
10     31       -567.5                 85                   18
11     32       -427.5                 83                   19

Lucro total agregado: -3935.00 pontos (R$ -787.00)
Negócios fechados: 678
Taxa de acerto: 18.29%

=== Distribuição de P&L por negócio (líquida de custos) ===
Total de negócios: 678  |  vencedores: 124  |  perdedores: 554
Ganho médio       : 8.35   |  mediana: 2.50   |  máximo: 117.50
Perda média       : -8.96   |  mediana: -7.50   |  mínimo: -102.50
Perda média / Ganho médio: 1.07x
  percentil  1: -32.50
  percentil  5: -17.50
  percentil 25: -12.50
  percentil 50: -7.50
  percentil 75: -2.50
  percentil 95: 7.50
  percentil 99: 17.50
